// 同步 ID: 9679a94d @ Sat Jul 25 04:01:43 UTC 2026
// 重构日志: f026ecf7
// 重构日志: 115e4d8f
// 重构日志: a204060d
// 重构日志: 8b6e3a12
// 同步 ID: 26780cb4 @ Tue Jul 28 10:37:26 UTC 2026
// 同步 ID: 2f901c72 @ Tue Jul 28 17:42:20 UTC 2026
// 重构日志: 832c9c9c
// 重构日志: 2e0076cc
// 同步 ID: 3604dffd @ Wed Jul 29 17:23:27 UTC 2026
// 重构日志: 96db659c
// 重构日志: f3328ba4
// 重构日志: 01222b33
// 重构日志: 3de6aa3a
// 重构日志: 174d038b
// 同步 ID: 576c59e7 @ Sat Aug  1 16:08:47 UTC 2026
// 重构日志: 00eeb35d
// 重构日志: d8fc88d9
// 重构日志: 045755b9
// 同步 ID: 457d6538 @ Mon Aug  3 12:13:13 UTC 2026
// 同步 ID: ed649aa4 @ Tue Aug  4 17:07:26 UTC 2026
// 同步 ID: c7bc97cf @ Wed Aug  5 00:21:31 UTC 2026
// 重构日志: f9c2fcdc
// 重构日志: e5dd5f7f
// 同步 ID: 114e6182 @ Thu Aug  6 09:49:31 UTC 2026
// 重构日志: 43f78637
// 重构日志: d0431f48
// 重构日志: 495b6db3
// 同步 ID: c9eece58 @ Fri Aug  7 16:43:40 UTC 2026
// 同步 ID: 41927496 @ Sat Aug  8 15:22:49 UTC 2026
// 重构日志: c1ecb20b
